[backblue.gif]
[fade.gif]
[index.html]
[plaiaundi.hezkuntza.net/w24t000IntranetCentrosWAR-theme/javascript/jquery-1.5.js]
[plaiaundi.hezkuntza.net/w24t000IntranetCentrosWAR-theme/javascript/jquery.colorbox.js]
[plaiaundi.hezkuntza.net/w24t000IntranetCentrosWAR-theme/javascript/colorbox.js]
[plaiaundi.hezkuntza.net/w24t000IntranetCentrosWAR-theme/javascript/jflickrfeed.min.js]
[plaiaundi.hezkuntza.net/w24t000IntranetCentrosWAR-theme/javascript/javascript.js]
[www.google-analytics.com/analytics.js]
[plaiaundi.hezkuntza.net/html/portlet/journal/js/main30a0.js]
[plaiaundi.hezkuntza.net/html/portlet/journal/js/navigation30a0.js]
[plaiaundi.hezkuntza.net/w24t000IntranetCentrosWAR-theme/images/common/search.png]
[plaiaundi.hezkuntza.net/w24t000IntranetCentrosWAR-theme/images/intranet_centros/logpdpto_bi.png]
[plaiaundi.eus/ImagenesPortada/Tramites.jpg]
[plaiaundi.eus/ImagenesPortada/instagram.jpg]
[ajax.googleapis.com/ajax/libs/jquery/3.4.1/jquery.min.js]
[plaiaundi.eus/Carrusel/css/lightslider.js]
[plaiaundi.eus/ImagenesPortada/Lanbide.jpg]
[plaiaundi.eus/ImagenesPortada/50aniversario.jpg]
[plaiaundi.hezkuntza.net/w24t000IntranetCentrosWAR-theme/js/main9813.js]
[plaiaundi.hezkuntza.net/es/index.html]
[plaiaundi.hezkuntza.net/w24t000IntranetCentrosWAR-theme/css/aui/alloy-font-awesome/font/fontawesome-alloy.eot]
[plaiaundi.hezkuntza.net/w24t000IntranetCentrosWAR-theme/css/aui/alloy-font-awesome/font/fontawesome-alloyd41d.eot]
[plaiaundi.hezkuntza.net/w24t000IntranetCentrosWAR-theme/css/aui/alloy-font-awesome/font/fontawesome-alloy.woff]
[plaiaundi.hezkuntza.net/w24t000IntranetCentrosWAR-theme/css/aui/alloy-font-awesome/font/fontawesome-alloy.ttf]
[plaiaundi.hezkuntza.net/w24t000IntranetCentrosWAR-theme/images/aui/glyphicons-halflings.png]
[plaiaundi.hezkuntza.net/w24t000IntranetCentrosWAR-theme/images/aui/glyphicons-halflings-white.png]
[plaiaundi.hezkuntza.net/w24t000IntranetCentrosWAR-theme/images/aui/loading_indicator.gif]
[plaiaundi.hezkuntza.net/w24t000IntranetCentrosWAR-theme/css/auie59f.css]
[plaiaundi.hezkuntza.net/w24t000IntranetCentrosWAR-theme/images/aui/common/state_default_bg.png]
[plaiaundi.hezkuntza.net/w24t000IntranetCentrosWAR-theme/images/aui/common/state_hover_bg.png]
[plaiaundi.hezkuntza.net/w24t000IntranetCentrosWAR-theme/images/aui/common/state_active_bg.png]
[plaiaundi.hezkuntza.net/w24t000IntranetCentrosWAR-theme/images/aui/common/state_selected_hover.png]
[plaiaundi.hezkuntza.net/w24t000IntranetCentrosWAR-theme/images/aui/picker_bg.png]
[plaiaundi.hezkuntza.net/w24t000IntranetCentrosWAR-theme/images/aui/color_indic.png]
[plaiaundi.hezkuntza.net/w24t000IntranetCentrosWAR-theme/images/aui/hue.png]
[plaiaundi.hezkuntza.net/w24t000IntranetCentrosWAR-theme/images/aui/select.png]
[plaiaundi.hezkuntza.net/w24t000IntranetCentrosWAR-theme/images/portlet/edit_guest.png]
[plaiaundi.hezkuntza.net/w24t000IntranetCentrosWAR-theme/images/common/date.png]
[plaiaundi.hezkuntza.net/w24t000IntranetCentrosWAR-theme/images/common/folder.png]
[plaiaundi.hezkuntza.net/w24t000IntranetCentrosWAR-theme/images/common/team_icon.png]
[plaiaundi.hezkuntza.net/w24t000IntranetCentrosWAR-theme/images/common/page.png]
[plaiaundi.hezkuntza.net/w24t000IntranetCentrosWAR-theme/images/application/handle_sort_vertical.png]
[plaiaundi.hezkuntza.net/w24t000IntranetCentrosWAR-theme/images/device_preview/full_size_off.png]
[plaiaundi.hezkuntza.net/w24t000IntranetCentrosWAR-theme/images/device_preview/full_size_active.png]
[plaiaundi.hezkuntza.net/w24t000IntranetCentrosWAR-theme/images/device_preview/desktop_off.png]
[plaiaundi.hezkuntza.net/w24t000IntranetCentrosWAR-theme/images/device_preview/desktop_active.png]
[plaiaundi.hezkuntza.net/w24t000IntranetCentrosWAR-theme/images/device_preview/mobile_off.png]
[plaiaundi.hezkuntza.net/w24t000IntranetCentrosWAR-theme/images/device_preview/mobile_horizontal_opacity.png]
[plaiaundi.hezkuntza.net/w24t000IntranetCentrosWAR-theme/images/device_preview/mobile_vertical_with_arrow.png]
[plaiaundi.hezkuntza.net/w24t000IntranetCentrosWAR-theme/images/device_preview/mobile_horizontal_with_arrow.png]
[plaiaundi.hezkuntza.net/w24t000IntranetCentrosWAR-theme/images/device_preview/mobile_vertical_opacity.png]
[plaiaundi.hezkuntza.net/w24t000IntranetCentrosWAR-theme/images/device_preview/tablet_off.png]
[plaiaundi.hezkuntza.net/w24t000IntranetCentrosWAR-theme/images/device_preview/tablet_horizontal_opacity.png]
[plaiaundi.hezkuntza.net/w24t000IntranetCentrosWAR-theme/images/device_preview/tablet_vertical_with_arrow.png]
[plaiaundi.hezkuntza.net/w24t000IntranetCentrosWAR-theme/images/device_preview/tablet_horizontal_with_arrow.png]
[plaiaundi.hezkuntza.net/w24t000IntranetCentrosWAR-theme/images/device_preview/tablet_vertical_opacity.png]
[plaiaundi.hezkuntza.net/w24t000IntranetCentrosWAR-theme/images/arrows/04_left.png]
[plaiaundi.hezkuntza.net/w24t000IntranetCentrosWAR-theme/images/arrows/04_right.png]
[plaiaundi.hezkuntza.net/w24t000IntranetCentrosWAR-theme/images/common/checkerboard.png]
[plaiaundi.hezkuntza.net/w24t000IntranetCentrosWAR-theme/images/application/loading_indicator.gif]
[plaiaundi.hezkuntza.net/w24t000IntranetCentrosWAR-theme/images/common/openid.gif]
[plaiaundi.hezkuntza.net/w24t000IntranetCentrosWAR-theme/images/application/panel_header_toggler_close.png]
[plaiaundi.hezkuntza.net/w24t000IntranetCentrosWAR-theme/images/arrows/05_down.png]
[plaiaundi.hezkuntza.net/w24t000IntranetCentrosWAR-theme/images/arrows/05_right.png]
[plaiaundi.hezkuntza.net/w24t000IntranetCentrosWAR-theme/images/application/panel_header_toggler_open.png]
[plaiaundi.hezkuntza.net/w24t000IntranetCentrosWAR-theme/images/application/panel_header.png]
[plaiaundi.hezkuntza.net/w24t000IntranetCentrosWAR-theme/images/application/current_page_hover_bg.png]
[plaiaundi.hezkuntza.net/w24t000IntranetCentrosWAR-theme/images/application/current_page_bg.png]
[plaiaundi.hezkuntza.net/w24t000IntranetCentrosWAR-theme/images/add_content/portlet_item.png]
[plaiaundi.hezkuntza.net/w24t000IntranetCentrosWAR-theme/images/add_content/portlet_item_instanceable.png]
[plaiaundi.hezkuntza.net/w24t000IntranetCentrosWAR-theme/images/add_content/portlet_item_archived_setup.png]
[plaiaundi.hezkuntza.net/w24t000IntranetCentrosWAR-theme/images/document_library/preview_left.png]
[plaiaundi.hezkuntza.net/w24t000IntranetCentrosWAR-theme/images/document_library/preview_right.png]
[plaiaundi.hezkuntza.net/w24t000IntranetCentrosWAR-theme/images/document_library/preview_zoom.png]
[plaiaundi.hezkuntza.net/w24t000IntranetCentrosWAR-theme/images/common/add.png]
[plaiaundi.hezkuntza.net/w24t000IntranetCentrosWAR-theme/images/common/remove.png]
[plaiaundi.hezkuntza.net/w24t000IntranetCentrosWAR-theme/images/common/close.png]
[plaiaundi.hezkuntza.net/w24t000IntranetCentrosWAR-theme/images/file_system/small/jpg.png]
[plaiaundi.hezkuntza.net/w24t000IntranetCentrosWAR-theme/images/common/check.png]
[plaiaundi.hezkuntza.net/w24t000IntranetCentrosWAR-theme/images/common/delete.png]
[plaiaundi.hezkuntza.net/w24t000IntranetCentrosWAR-theme/images/portlet/close.png]
[plaiaundi.hezkuntza.net/w24t000IntranetCentrosWAR-theme/images/messages/error.png]
[plaiaundi.hezkuntza.net/w24t000IntranetCentrosWAR-theme/images/common/lock.png]
[plaiaundi.hezkuntza.net/w24t000IntranetCentrosWAR-theme/images/application/layouts.png]
[plaiaundi.hezkuntza.net/w24t000IntranetCentrosWAR-theme/images/common/links.png]
[plaiaundi.hezkuntza.net/w24t000IntranetCentrosWAR-theme/images/calendar/event_indicator.png]
[plaiaundi.hezkuntza.net/w24t000IntranetCentrosWAR-theme/images/calendar/event_indicator_current.png]
[plaiaundi.hezkuntza.net/w24t000IntranetCentrosWAR-theme/images/diff/minus.png]
[plaiaundi.hezkuntza.net/w24t000IntranetCentrosWAR-theme/images/diff/plus.png]
[plaiaundi.hezkuntza.net/w24t000IntranetCentrosWAR-theme/images/diff/underline.png]
[plaiaundi.hezkuntza.net/w24t000IntranetCentrosWAR-theme/images/common/tag.png]
[plaiaundi.hezkuntza.net/w24t000IntranetCentrosWAR-theme/images/common/recent_changes.png]
[plaiaundi.hezkuntza.net/html/css/main3cfe.css]
[plaiaundi.hezkuntza.net/html/portlet/journal_content/css/main151f.css]
[plaiaundi.hezkuntza.net/w24t000IntranetCentrosWAR-theme/images/common/download.png]
[plaiaundi.hezkuntza.net/w24t000IntranetCentrosWAR-theme/images/common/time.png]
[plaiaundi.hezkuntza.net/w24t000IntranetCentrosWAR-theme/images/common/permissions.png]
[plaiaundi.hezkuntza.net/w24t000IntranetCentrosWAR-theme/images/common/preview.png]
[plaiaundi.hezkuntza.net/w24t000IntranetCentrosWAR-theme/images/common/history.png]
[plaiaundi.hezkuntza.net/w24t000IntranetCentrosWAR-theme/images/file_system/small/html.png]
[plaiaundi.hezkuntza.net/w24t000IntranetCentrosWAR-theme/images/journal/form_builder_bg.png]
[plaiaundi.hezkuntza.net/w24t000IntranetCentrosWAR-theme/images/journal/form_builder_close.png]
[plaiaundi.hezkuntza.net/w24t000IntranetCentrosWAR-theme/images/journal/text_field.png]
[plaiaundi.hezkuntza.net/w24t000IntranetCentrosWAR-theme/images/journal/textbox.png]
[plaiaundi.hezkuntza.net/w24t000IntranetCentrosWAR-theme/images/journal/textarea.png]
[plaiaundi.hezkuntza.net/w24t000IntranetCentrosWAR-theme/images/journal/image_uploader.png]
[plaiaundi.hezkuntza.net/w24t000IntranetCentrosWAR-theme/images/journal/document_library.png]
[plaiaundi.hezkuntza.net/w24t000IntranetCentrosWAR-theme/images/journal/checkbox.png]
[plaiaundi.hezkuntza.net/w24t000IntranetCentrosWAR-theme/images/journal/options.png]
[plaiaundi.hezkuntza.net/w24t000IntranetCentrosWAR-theme/images/journal/selectbox.png]
[plaiaundi.hezkuntza.net/w24t000IntranetCentrosWAR-theme/images/journal/multiselection_list.png]
[plaiaundi.hezkuntza.net/w24t000IntranetCentrosWAR-theme/images/journal/link_to_page.png]
[plaiaundi.hezkuntza.net/w24t000IntranetCentrosWAR-theme/images/journal/form_group.png]
[plaiaundi.hezkuntza.net/w24t000IntranetCentrosWAR-theme/images/journal/selection_break.png]
[plaiaundi.hezkuntza.net/w24t000IntranetCentrosWAR-theme/images/application/forbidden_action.png]
[plaiaundi.hezkuntza.net/w24t000IntranetCentrosWAR-theme/images/portlet/pop_up.png]
[plaiaundi.hezkuntza.net/html/portlet/journal/css/main151f.css]
[plaiaundi.hezkuntza.net/html/portlet/quick_note/css/main151f.css]
[plaiaundi.hezkuntza.net/w24t000IntranetCentrosWAR-theme/images/common/news.png]
[plaiaundi.hezkuntza.net/html/portlet/rss/css/main151f.css]
[plaiaundi.hezkuntza.net/w24t000IntranetCentrosWAR-theme/images/arrows/paging_previous.png]
[plaiaundi.hezkuntza.net/w24t000IntranetCentrosWAR-theme/images/arrows/paging_next.png]
[plaiaundi.hezkuntza.net/html/portlet/blogs/css/main151f.css]
[plaiaundi.hezkuntza.net/html/portlet/search/css/main151f.css]
[plaiaundi.hezkuntza.net/w24t000IntranetCentrosWAR-theme/images/progress_bar/loading_animation.gif]
[plaiaundi.hezkuntza.net/w24t000IntranetCentrosWAR-theme/images/common/message_panel_shadow.png]
[plaiaundi.hezkuntza.net/w24t000IntranetCentrosWAR-theme/images/application/panel_header_bg.png]
[plaiaundi.hezkuntza.net/w24t000IntranetCentrosWAR-theme/images/application/menu_bg.png]
[plaiaundi.hezkuntza.net/w24t000IntranetCentrosWAR-theme/images/portlet/header_bg.png]
[plaiaundi.hezkuntza.net/w24t000IntranetCentrosWAR-theme/images/application/paginator_link_current_bg.png]
[plaiaundi.hezkuntza.net/w24t000IntranetCentrosWAR-theme/images/arrows/paging_first.png]
[plaiaundi.hezkuntza.net/w24t000IntranetCentrosWAR-theme/images/arrows/paging_last.png]
[plaiaundi.hezkuntza.net/w24t000IntranetCentrosWAR-theme/images/message_boards/quoteleft.png]
[plaiaundi.hezkuntza.net/w24t000IntranetCentrosWAR-theme/images/message_boards/quoteright.png]
[plaiaundi.hezkuntza.net/w24t000IntranetCentrosWAR-theme/images/common/edit_white.png]
[plaiaundi.hezkuntza.net/w24t000IntranetCentrosWAR-theme/images/application/button_bg.png]
[plaiaundi.hezkuntza.net/w24t000IntranetCentrosWAR-theme/images/application/button_bg_over.png]
[plaiaundi.hezkuntza.net/w24t000IntranetCentrosWAR-theme/images/application/button_bg_selected.png]
[plaiaundi.hezkuntza.net/w24t000IntranetCentrosWAR-theme/images/application/button_bg_selected_over.png]
[plaiaundi.hezkuntza.net/w24t000IntranetCentrosWAR-theme/images/common/configuration.png]
[plaiaundi.hezkuntza.net/w24t000IntranetCentrosWAR-theme/images/arrows/12_left.png]
[plaiaundi.hezkuntza.net/w24t000IntranetCentrosWAR-theme/images/portlet/options_borderless.png]
[plaiaundi.hezkuntza.net/w24t000IntranetCentrosWAR-theme/images/common/add_white.png]
[plaiaundi.hezkuntza.net/w24t000IntranetCentrosWAR-theme/images/common/edit_template_white.png]
[plaiaundi.hezkuntza.net/w24t000IntranetCentrosWAR-theme/images/common/configuration_white.png]
[plaiaundi.hezkuntza.net/w24t000IntranetCentrosWAR-theme/images/portlet/close_borderless.png]
[plaiaundi.hezkuntza.net/w24t000IntranetCentrosWAR-theme/images/portlet/draggable_borderless.png]
[plaiaundi.hezkuntza.net/w24t000IntranetCentrosWAR-theme/images/messages/alert.png]
[plaiaundi.hezkuntza.net/w24t000IntranetCentrosWAR-theme/images/messages/info.png]
[plaiaundi.hezkuntza.net/w24t000IntranetCentrosWAR-theme/images/portlet/help.png]
[plaiaundi.hezkuntza.net/w24t000IntranetCentrosWAR-theme/images/messages/success.png]
[plaiaundi.hezkuntza.net/w24t000IntranetCentrosWAR-theme/images/common/guest_icon.png]
[plaiaundi.hezkuntza.net/w24t000IntranetCentrosWAR-theme/images/common/user_icon.png]
[plaiaundi.hezkuntza.net/w24t000IntranetCentrosWAR-theme/images/common/site_icon.png]
[plaiaundi.hezkuntza.net/w24t000IntranetCentrosWAR-theme/images/common/organization_icon.png]
[plaiaundi.hezkuntza.net/w24t000IntranetCentrosWAR-theme/images/arrows/07_down.png]
[plaiaundi.hezkuntza.net/w24t000IntranetCentrosWAR-theme/images/intranet_centros/azul/menuBk.gif]
[plaiaundi.hezkuntza.net/w24t000IntranetCentrosWAR-theme/images/intranet_centros/azul/itemLi.gif]
[plaiaundi.hezkuntza.net/w24t000IntranetCentrosWAR-theme/images/intranet_centros/azul/itemMenu.gif]
[plaiaundi.hezkuntza.net/w24t000IntranetCentrosWAR-theme/images/intranet_centros/azul/itemLi_on.gif]
[plaiaundi.hezkuntza.net/w24t000IntranetCentrosWAR-theme/images/intranet_centros/azul/itemMenu_on.gif]
[plaiaundi.hezkuntza.net/w24t000IntranetCentrosWAR-theme/images/color_schemes/azul/icono_menu_alter.jpg]
[plaiaundi.hezkuntza.net/w24t000IntranetCentrosWAR-theme/images/intranet_centros/azul/icono_menu_alter.jpg]
[plaiaundi.hezkuntza.net/w24t000IntranetCentrosWAR-theme/images/forms/button.png]
[plaiaundi.hezkuntza.net/w24t000IntranetCentrosWAR-theme/images/search_bg.gif]
[plaiaundi.hezkuntza.net/w24t000IntranetCentrosWAR-theme/images/intranet_centros/ico_salir.gif]
[plaiaundi.hezkuntza.net/w24t000IntranetCentrosWAR-theme/images/menuBk.gif]
[plaiaundi.hezkuntza.net/w24t000IntranetCentrosWAR-theme/images/itemLi.gif]
[plaiaundi.hezkuntza.net/w24t000IntranetCentrosWAR-theme/images/itemMenu.gif]
[plaiaundi.hezkuntza.net/w24t000IntranetCentrosWAR-theme/images/itemLi_on.gif]
[plaiaundi.hezkuntza.net/w24t000IntranetCentrosWAR-theme/images/itemMenu_on.gif]
[plaiaundi.hezkuntza.net/w24t000IntranetCentrosWAR-theme/images/blank.gif]
[plaiaundi.hezkuntza.net/w24t000IntranetCentrosWAR-theme/images/intranet_centros/azul/pie.jpg]
[plaiaundi.hezkuntza.net/w24t000IntranetCentrosWAR-theme/images/intranet_centros/azul/icono_menu.jpg]
[plaiaundi.hezkuntza.net/w24t000IntranetCentrosWAR-theme/images/intranet_centros/azul/boton.jpg]
[plaiaundi.hezkuntza.net/w24t000IntranetCentrosWAR-theme/images/intranet_centros/iconEnlaces.jpg]
[plaiaundi.hezkuntza.net/w24t000IntranetCentrosWAR-theme/images/color_schemes/azul/iconoDelEvento.jpg]
[plaiaundi.hezkuntza.net/w24t000IntranetCentrosWAR-theme/images/flechaMapa.gif]
[plaiaundi.hezkuntza.net/w24t000IntranetCentrosWAR-theme/images/forms/input_shadow.png]
[plaiaundi.hezkuntza.net/w24t000IntranetCentrosWAR-theme/images/color_schemes/azul/portlet_reg_list_font_dim.gif]
[plaiaundi.hezkuntza.net/w24t000IntranetCentrosWAR-theme/images/color_schemes/azul/portlet_news_home_li.gif]
[plaiaundi.hezkuntza.net/w24t000IntranetCentrosWAR-theme/images/color_schemes/azul/portlet_news_home_footer_a.gif]
[plaiaundi.hezkuntza.net/w24t000IntranetCentrosWAR-theme/images/color_schemes/azul/portlet_reg_detail_body_ul_li.gif]
[plaiaundi.hezkuntza.net/w24t000IntranetCentrosWAR-theme/images/color_schemes/azul/portlet_downloads_title.gif]
[plaiaundi.hezkuntza.net/w24t000IntranetCentrosWAR-theme/images/color_schemes/azul/portlet_downloads_li.gif]
[plaiaundi.hezkuntza.net/w24t000IntranetCentrosWAR-theme/images/color_schemes/azul/portlet_inscription_a.gif]
[plaiaundi.hezkuntza.net/w24t000IntranetCentrosWAR-theme/images/color_schemes/azul/portlet_back_body_a.gif]
[plaiaundi.hezkuntza.net/w24t000IntranetCentrosWAR-theme/images/color_schemes/azul/portlet_notice_important.gif]
[plaiaundi.hezkuntza.net/w24t000IntranetCentrosWAR-theme/images/color_schemes/azul/portlet_notice_important_container.gif]
[plaiaundi.hezkuntza.net/w24t000IntranetCentrosWAR-theme/images/color_schemes/azul/portlet_important_notice_box.gif]
[plaiaundi.hezkuntza.net/w24t000IntranetCentrosWAR-theme/images/color_schemes/azul/portlet_banner_important_start.gif]
[plaiaundi.hezkuntza.net/w24t000IntranetCentrosWAR-theme/images/color_schemes/azul/portlet_banner_important_end.gif]
[plaiaundi.hezkuntza.net/w24t000IntranetCentrosWAR-theme/images/color_schemes/azul/layout_bottom_rss.gif]
[plaiaundi.hezkuntza.net/w24t000IntranetCentrosWAR-theme/images/color_schemes/azul/formacion_no_reglada/portlet_formacion_noreglada_print.gif]
[plaiaundi.hezkuntza.net/w24t000IntranetCentrosWAR-theme/images/color_schemes/azul/portlet_reg_list_ol_li_anterior.gif]
[plaiaundi.hezkuntza.net/w24t000IntranetCentrosWAR-theme/images/color_schemes/azul/portlet_reg_list_ol_li_siguiente.gif]
[plaiaundi.hezkuntza.net/w24t000IntranetCentrosWAR-theme/images/color_schemes/azul/button_gradient.gif]
[plaiaundi.hezkuntza.net/w24t000IntranetCentrosWAR-theme/images/application/tabs_bg.png]
[plaiaundi.hezkuntza.net/w24t000IntranetCentrosWAR-theme/images/color_schemes/azul/layout_localnav_li_selected.gif]
[plaiaundi.hezkuntza.net/w24t000IntranetCentrosWAR-theme/images/color_schemes/azul/layout_localnav_li_sel_a.gif]
[plaiaundi.hezkuntza.net/w24t000IntranetCentrosWAR-theme/images/color_schemes/azul/layout_localnav_li.gif]
[plaiaundi.hezkuntza.net/w24t000IntranetCentrosWAR-theme/images/flechah2.gif]
[plaiaundi.hezkuntza.net/w24t000IntranetCentrosWAR-theme/images/ico-masinfo.gif]
[plaiaundi.hezkuntza.net/w24t000IntranetCentrosWAR-theme/images/intranet_centros/naranja/boton_combo_naranja.jpg]
[plaiaundi.hezkuntza.net/w24t000IntranetCentrosWAR-theme/images/intranet_centros/naranja/icono_menu.jpg]
[plaiaundi.hezkuntza.net/w24t000IntranetCentrosWAR-theme/images/color_schemes/naranja/icono_menu_alter.jpg]
[plaiaundi.hezkuntza.net/w24t000IntranetCentrosWAR-theme/images/intranet_centros/verde/icono_menu.jpg]
[plaiaundi.hezkuntza.net/w24t000IntranetCentrosWAR-theme/images/intranet_centros/verde/icono_menu_alter.jpg]
[plaiaundi.hezkuntza.net/w24t000IntranetCentrosWAR-theme/images/intranet_centros/naranja/pie.jpg]
[plaiaundi.hezkuntza.net/w24t000IntranetCentrosWAR-theme/images/intranet_centros/naranja/menuBk.gif]
[plaiaundi.hezkuntza.net/w24t000IntranetCentrosWAR-theme/images/intranet_centros/naranja/itemLi.gif]
[plaiaundi.hezkuntza.net/w24t000IntranetCentrosWAR-theme/images/intranet_centros/naranja/itemMenu.gif]
[plaiaundi.hezkuntza.net/w24t000IntranetCentrosWAR-theme/images/color_schemes/naranja/itemLi_on.gif]
[plaiaundi.hezkuntza.net/w24t000IntranetCentrosWAR-theme/images/color_schemes/naranja/itemMenu_on.gif]
[plaiaundi.hezkuntza.net/w24t000IntranetCentrosWAR-theme/images/intranet_centros/naranja/boton.jpg]
[plaiaundi.hezkuntza.net/w24t000IntranetCentrosWAR-theme/images/color_schemes/naranja/portlet_reg_list_font_dim.gif]
[plaiaundi.hezkuntza.net/w24t000IntranetCentrosWAR-theme/images/color_schemes/naranja/portlet_news_home_li.gif]
[plaiaundi.hezkuntza.net/w24t000IntranetCentrosWAR-theme/images/color_schemes/naranja/portlet_news_home_footer_a.gif]
[plaiaundi.hezkuntza.net/w24t000IntranetCentrosWAR-theme/images/color_schemes/naranja/portlet_reg_detail_body_ul_li.gif]
[plaiaundi.hezkuntza.net/w24t000IntranetCentrosWAR-theme/images/color_schemes/naranja/portlet_back_body_a.gif]
[plaiaundi.hezkuntza.net/w24t000IntranetCentrosWAR-theme/images/color_schemes/naranja/portlet_notice_important.gif]
[plaiaundi.hezkuntza.net/w24t000IntranetCentrosWAR-theme/images/color_schemes/naranja/portlet_notice_important_container.gif]
[plaiaundi.hezkuntza.net/w24t000IntranetCentrosWAR-theme/images/color_schemes/naranja/portlet_important_notice_box.gif]
[plaiaundi.hezkuntza.net/w24t000IntranetCentrosWAR-theme/images/color_schemes/naranja/portlet_banner_important_start.gif]
[plaiaundi.hezkuntza.net/w24t000IntranetCentrosWAR-theme/images/color_schemes/naranja/portlet_banner_important_end.gif]
[plaiaundi.hezkuntza.net/w24t000IntranetCentrosWAR-theme/images/color_schemes/naranja/layout_bottom_rss.gif]
[plaiaundi.hezkuntza.net/w24t000IntranetCentrosWAR-theme/images/color_schemes/naranja/formacion_no_reglada/portlet_formacion_noreglada_print.gif]
[plaiaundi.hezkuntza.net/w24t000IntranetCentrosWAR-theme/images/color_schemes/naranja/button_gradient.gif]
[plaiaundi.hezkuntza.net/w24t000IntranetCentrosWAR-theme/images/color_schemes/naranja/layout_localnav_li_selected.gif]
[plaiaundi.hezkuntza.net/w24t000IntranetCentrosWAR-theme/images/color_schemes/naranja/portlet_reg_list_ol_li_anterior.gif]
[plaiaundi.hezkuntza.net/w24t000IntranetCentrosWAR-theme/images/color_schemes/naranja/portlet_reg_list_ol_li_siguiente.gif]
[plaiaundi.hezkuntza.net/w24t000IntranetCentrosWAR-theme/images/color_schemes/naranja/Aurrekoa_naranja.gif]
[plaiaundi.hezkuntza.net/w24t000IntranetCentrosWAR-theme/images/color_schemes/naranja/Hurrengoa_naranja.gif]
[plaiaundi.hezkuntza.net/w24t000IntranetCentrosWAR-theme/images/color_schemes/naranja/iconoDelEvento.jpg]
[plaiaundi.hezkuntza.net/w24t000IntranetCentrosWAR-theme/images/intranet_centros/verde/boton_combo_verde.jpg]
[plaiaundi.hezkuntza.net/w24t000IntranetCentrosWAR-theme/images/color_schemes/verde/icono_menu_alter.jpg]
[plaiaundi.hezkuntza.net/w24t000IntranetCentrosWAR-theme/images/intranet_centros/verde/pie.jpg]
[plaiaundi.hezkuntza.net/w24t000IntranetCentrosWAR-theme/images/intranet_centros/verde/menuBk.gif]
[plaiaundi.hezkuntza.net/w24t000IntranetCentrosWAR-theme/images/intranet_centros/verde/itemLi.gif]
[plaiaundi.hezkuntza.net/w24t000IntranetCentrosWAR-theme/images/intranet_centros/verde/itemMenu.gif]
[plaiaundi.hezkuntza.net/w24t000IntranetCentrosWAR-theme/images/intranet_centros/verde/itemLi_on.gif]
[plaiaundi.hezkuntza.net/w24t000IntranetCentrosWAR-theme/images/intranet_centros/verde/itemMenu_on.gif]
[plaiaundi.hezkuntza.net/w24t000IntranetCentrosWAR-theme/images/intranet_centros/verde/boton.jpg]
[plaiaundi.hezkuntza.net/w24t000IntranetCentrosWAR-theme/images/color_schemes/verde/portlet_reg_list_font_dim.gif]
[plaiaundi.hezkuntza.net/w24t000IntranetCentrosWAR-theme/images/color_schemes/verde/portlet_news_home_li.gif]
[plaiaundi.hezkuntza.net/w24t000IntranetCentrosWAR-theme/images/color_schemes/verde/portlet_news_home_footer_a.gif]
[plaiaundi.hezkuntza.net/w24t000IntranetCentrosWAR-theme/images/color_schemes/verde/portlet_reg_detail_body_ul_li.gif]
[plaiaundi.hezkuntza.net/w24t000IntranetCentrosWAR-theme/images/color_schemes/verde/portlet_back_body_a.gif]
[plaiaundi.hezkuntza.net/w24t000IntranetCentrosWAR-theme/images/color_schemes/verde/portlet_notice_important.gif]
[plaiaundi.hezkuntza.net/w24t000IntranetCentrosWAR-theme/images/color_schemes/verde/portlet_notice_important_container.gif]
[plaiaundi.hezkuntza.net/w24t000IntranetCentrosWAR-theme/images/color_schemes/verde/portlet_important_notice_box.gif]
[plaiaundi.hezkuntza.net/w24t000IntranetCentrosWAR-theme/images/color_schemes/verde/portlet_banner_important_start.gif]
[plaiaundi.hezkuntza.net/w24t000IntranetCentrosWAR-theme/images/color_schemes/verde/portlet_banner_important_end.gif]
[plaiaundi.hezkuntza.net/w24t000IntranetCentrosWAR-theme/images/color_schemes/verde/layout_bottom_rss.gif]
[plaiaundi.hezkuntza.net/w24t000IntranetCentrosWAR-theme/images/color_schemes/verde/formacion_no_reglada/portlet_formacion_noreglada_print.gif]
[plaiaundi.hezkuntza.net/w24t000IntranetCentrosWAR-theme/images/color_schemes/verde/button_gradient.gif]
[plaiaundi.hezkuntza.net/w24t000IntranetCentrosWAR-theme/images/color_schemes/verde/layout_localnav_li_selected.gif]
[plaiaundi.hezkuntza.net/w24t000IntranetCentrosWAR-theme/images/color_schemes/verde/portlet_reg_list_ol_li_anterior.gif]
[plaiaundi.hezkuntza.net/w24t000IntranetCentrosWAR-theme/images/color_schemes/verde/portlet_reg_list_ol_li_siguiente.gif]
[plaiaundi.hezkuntza.net/w24t000IntranetCentrosWAR-theme/images/color_schemes/verde/Aurrekoa_verde.gif]
[plaiaundi.hezkuntza.net/w24t000IntranetCentrosWAR-theme/images/color_schemes/verde/Hurrengoa_verde.gif]
[plaiaundi.hezkuntza.net/w24t000IntranetCentrosWAR-theme/images/color_schemes/verde/iconoDelEvento.jpg]
[plaiaundi.hezkuntza.net/w24t000IntranetCentrosWAR-theme/images/intranet_centros/rojo/boton_combo_rojo.jpg]
[plaiaundi.hezkuntza.net/w24t000IntranetCentrosWAR-theme/images/intranet_centros/rojo/icono_menu.jpg]
[plaiaundi.hezkuntza.net/w24t000IntranetCentrosWAR-theme/images/color_schemes/rojo/icono_menu_alter.jpg]
[plaiaundi.hezkuntza.net/w24t000IntranetCentrosWAR-theme/images/intranet_centros/rojo/pie.jpg]
[plaiaundi.hezkuntza.net/w24t000IntranetCentrosWAR-theme/images/intranet_centros/rojo/menuBk.gif]
[plaiaundi.hezkuntza.net/w24t000IntranetCentrosWAR-theme/images/intranet_centros/rojo/itemLi.gif]
[plaiaundi.hezkuntza.net/w24t000IntranetCentrosWAR-theme/images/intranet_centros/rojo/itemMenu.gif]
[plaiaundi.hezkuntza.net/w24t000IntranetCentrosWAR-theme/images/intranet_centros/rojo/itemLi_on.gif]
[plaiaundi.hezkuntza.net/w24t000IntranetCentrosWAR-theme/images/intranet_centros/rojo/itemMenu_on.gif]
[plaiaundi.hezkuntza.net/w24t000IntranetCentrosWAR-theme/images/intranet_centros/rojo/boton.jpg]
[plaiaundi.hezkuntza.net/w24t000IntranetCentrosWAR-theme/images/color_schemes/rojo/portlet_reg_list_font_dim.gif]
[plaiaundi.hezkuntza.net/w24t000IntranetCentrosWAR-theme/images/color_schemes/rojo/portlet_news_home_li.gif]
[plaiaundi.hezkuntza.net/w24t000IntranetCentrosWAR-theme/images/color_schemes/rojo/portlet_news_home_footer_a.gif]
[plaiaundi.hezkuntza.net/w24t000IntranetCentrosWAR-theme/images/color_schemes/rojo/portlet_reg_detail_body_ul_li.gif]
[plaiaundi.hezkuntza.net/w24t000IntranetCentrosWAR-theme/images/color_schemes/rojo/portlet_back_body_a.gif]
[plaiaundi.hezkuntza.net/w24t000IntranetCentrosWAR-theme/images/color_schemes/rojo/portlet_notice_important.gif]
[plaiaundi.hezkuntza.net/w24t000IntranetCentrosWAR-theme/images/color_schemes/rojo/portlet_notice_important_container.gif]
[plaiaundi.hezkuntza.net/w24t000IntranetCentrosWAR-theme/images/color_schemes/rojo/portlet_important_notice_box.gif]
[plaiaundi.hezkuntza.net/w24t000IntranetCentrosWAR-theme/images/color_schemes/rojo/portlet_banner_important_start.gif]
[plaiaundi.hezkuntza.net/w24t000IntranetCentrosWAR-theme/images/color_schemes/rojo/portlet_banner_important_end.gif]
[plaiaundi.hezkuntza.net/w24t000IntranetCentrosWAR-theme/images/color_schemes/rojo/layout_bottom_rss.gif]
[plaiaundi.hezkuntza.net/w24t000IntranetCentrosWAR-theme/images/color_schemes/rojo/formacion_no_reglada/portlet_formacion_noreglada_print.gif]
[plaiaundi.hezkuntza.net/w24t000IntranetCentrosWAR-theme/images/color_schemes/rojo/button_gradient.gif]
[plaiaundi.hezkuntza.net/w24t000IntranetCentrosWAR-theme/images/color_schemes/rojo/layout_localnav_li_selected.gif]
[plaiaundi.hezkuntza.net/w24t000IntranetCentrosWAR-theme/images/rojo_flechah2.gif]
[plaiaundi.hezkuntza.net/w24t000IntranetCentrosWAR-theme/images/color_schemes/rojo/Aurrekoa_rojo.gif]
[plaiaundi.hezkuntza.net/w24t000IntranetCentrosWAR-theme/images/color_schemes/rojo/Hurrengoa_rojo.gif]
[plaiaundi.hezkuntza.net/w24t000IntranetCentrosWAR-theme/images/color_schemes/rojo/iconoDelEvento.jpg]
[plaiaundi.hezkuntza.net/w24t000IntranetCentrosWAR-theme/images/intranet_centros/morado/boton_combo_morado.jpg]
[plaiaundi.hezkuntza.net/w24t000IntranetCentrosWAR-theme/images/intranet_centros/morado/icono_menu.jpg]
[plaiaundi.hezkuntza.net/w24t000IntranetCentrosWAR-theme/images/color_schemes/morado/icono_menu_alter.jpg]
[plaiaundi.hezkuntza.net/w24t000IntranetCentrosWAR-theme/images/intranet_centros/morado/pie.jpg]
[plaiaundi.hezkuntza.net/w24t000IntranetCentrosWAR-theme/images/intranet_centros/morado/menuBk.gif]
[plaiaundi.hezkuntza.net/w24t000IntranetCentrosWAR-theme/images/intranet_centros/morado/itemLi.gif]
[plaiaundi.hezkuntza.net/w24t000IntranetCentrosWAR-theme/images/intranet_centros/morado/itemMenu.gif]
[plaiaundi.hezkuntza.net/w24t000IntranetCentrosWAR-theme/images/intranet_centros/morado/itemLi_on.gif]
[plaiaundi.hezkuntza.net/w24t000IntranetCentrosWAR-theme/images/intranet_centros/morado/itemMenu_on.gif]
[plaiaundi.hezkuntza.net/w24t000IntranetCentrosWAR-theme/images/intranet_centros/morado/boton.jpg]
[plaiaundi.hezkuntza.net/w24t000IntranetCentrosWAR-theme/images/color_schemes/morado/portlet_reg_list_font_dim.gif]
[plaiaundi.hezkuntza.net/w24t000IntranetCentrosWAR-theme/images/color_schemes/morado/portlet_news_home_li.gif]
[plaiaundi.hezkuntza.net/w24t000IntranetCentrosWAR-theme/images/color_schemes/morado/portlet_news_home_footer_a.gif]
[plaiaundi.hezkuntza.net/w24t000IntranetCentrosWAR-theme/images/color_schemes/morado/portlet_reg_detail_body_ul_li.gif]
[plaiaundi.hezkuntza.net/w24t000IntranetCentrosWAR-theme/images/color_schemes/morado/portlet_back_body_a.gif]
[plaiaundi.hezkuntza.net/w24t000IntranetCentrosWAR-theme/images/color_schemes/morado/portlet_notice_important.gif]
[plaiaundi.hezkuntza.net/w24t000IntranetCentrosWAR-theme/images/color_schemes/morado/portlet_notice_important_container.gif]
[plaiaundi.hezkuntza.net/w24t000IntranetCentrosWAR-theme/images/color_schemes/morado/portlet_important_notice_box.gif]
[plaiaundi.hezkuntza.net/w24t000IntranetCentrosWAR-theme/images/color_schemes/morado/portlet_banner_important_start.gif]
[plaiaundi.hezkuntza.net/w24t000IntranetCentrosWAR-theme/images/color_schemes/morado/portlet_banner_important_end.gif]
[plaiaundi.hezkuntza.net/w24t000IntranetCentrosWAR-theme/images/color_schemes/morado/layout_bottom_rss.gif]
[plaiaundi.hezkuntza.net/w24t000IntranetCentrosWAR-theme/images/color_schemes/morado/button_gradient.gif]
[plaiaundi.hezkuntza.net/w24t000IntranetCentrosWAR-theme/images/color_schemes/morado/layout_localnav_li_selected.gif]
[plaiaundi.hezkuntza.net/w24t000IntranetCentrosWAR-theme/images/color_schemes/morado/Aurrekoa_morado.gif]
[plaiaundi.hezkuntza.net/w24t000IntranetCentrosWAR-theme/images/color_schemes/morado/Hurrengoa_morado.gif]
[plaiaundi.hezkuntza.net/w24t000IntranetCentrosWAR-theme/images/color_schemes/morado/iconoDelEvento.jpg]
[plaiaundi.hezkuntza.net/w24t000IntranetCentrosWAR-theme/images/intranet_centros/turquesa/icono_menu.jpg]
[plaiaundi.hezkuntza.net/w24t000IntranetCentrosWAR-theme/images/color_schemes/turquesa/icono_menu_alter.jpg]
[plaiaundi.hezkuntza.net/w24t000IntranetCentrosWAR-theme/images/intranet_centros/turquesa/pie.jpg]
[plaiaundi.hezkuntza.net/w24t000IntranetCentrosWAR-theme/images/intranet_centros/turquesa/menuBk.gif]
[plaiaundi.hezkuntza.net/w24t000IntranetCentrosWAR-theme/images/intranet_centros/turquesa/itemLi.gif]
[plaiaundi.hezkuntza.net/w24t000IntranetCentrosWAR-theme/images/intranet_centros/turquesa/itemMenu.gif]
[plaiaundi.hezkuntza.net/w24t000IntranetCentrosWAR-theme/images/intranet_centros/turquesa/itemLi_on.gif]
[plaiaundi.hezkuntza.net/w24t000IntranetCentrosWAR-theme/images/intranet_centros/turquesa/itemMenu_on.gif]
[plaiaundi.hezkuntza.net/w24t000IntranetCentrosWAR-theme/images/intranet_centros/turquesa/boton.jpg]
[plaiaundi.hezkuntza.net/w24t000IntranetCentrosWAR-theme/images/color_schemes/turquesa/portlet_reg_list_font_dim.gif]
[plaiaundi.hezkuntza.net/w24t000IntranetCentrosWAR-theme/images/color_schemes/turquesa/portlet_news_home_li.gif]
[plaiaundi.hezkuntza.net/w24t000IntranetCentrosWAR-theme/images/color_schemes/turquesa/portlet_news_home_footer_a.gif]
[plaiaundi.hezkuntza.net/w24t000IntranetCentrosWAR-theme/images/color_schemes/turquesa/portlet_reg_detail_body_ul_li.gif]
[plaiaundi.hezkuntza.net/w24t000IntranetCentrosWAR-theme/images/color_schemes/turquesa/portlet_back_body_a.gif]
[plaiaundi.hezkuntza.net/w24t000IntranetCentrosWAR-theme/images/color_schemes/turquesa/portlet_notice_important.gif]
[plaiaundi.hezkuntza.net/w24t000IntranetCentrosWAR-theme/images/color_schemes/turquesa/portlet_notice_important_container.gif]
[plaiaundi.hezkuntza.net/w24t000IntranetCentrosWAR-theme/images/color_schemes/turquesa/portlet_important_notice_box.gif]
[plaiaundi.hezkuntza.net/w24t000IntranetCentrosWAR-theme/images/color_schemes/turquesa/portlet_banner_important_start.gif]
[plaiaundi.hezkuntza.net/w24t000IntranetCentrosWAR-theme/images/color_schemes/turquesa/portlet_banner_important_end.gif]
[plaiaundi.hezkuntza.net/w24t000IntranetCentrosWAR-theme/images/color_schemes/turquesa/layout_bottom_rss.gif]
[plaiaundi.hezkuntza.net/w24t000IntranetCentrosWAR-theme/images/color_schemes/turquesa/formacion_no_reglada/portlet_formacion_noreglada_print.gif]
[plaiaundi.hezkuntza.net/w24t000IntranetCentrosWAR-theme/images/color_schemes/turquesa/button_gradient.gif]
[plaiaundi.hezkuntza.net/w24t000IntranetCentrosWAR-theme/images/color_schemes/turquesa/layout_localnav_li_selected.gif]
[plaiaundi.hezkuntza.net/w24t000IntranetCentrosWAR-theme/images/color_schemes/turquesa/portlet_reg_list_ol_li_anterior.gif]
[plaiaundi.hezkuntza.net/w24t000IntranetCentrosWAR-theme/images/color_schemes/turquesa/portlet_reg_list_ol_li_siguiente.gif]
[plaiaundi.hezkuntza.net/w24t000IntranetCentrosWAR-theme/images/color_schemes/turquesa/Aurrekoa_verde.gif]
[plaiaundi.hezkuntza.net/w24t000IntranetCentrosWAR-theme/images/color_schemes/turquesa/Hurrengoa_verde.gif]
[plaiaundi.hezkuntza.net/w24t000IntranetCentrosWAR-theme/images/color_schemes/turquesa/iconoDelEvento.jpg]
[plaiaundi.hezkuntza.net/w24t000IntranetCentrosWAR-theme/css/maine59f.css]
[plaiaundi.hezkuntza.net/es/portada.html]
[plaiaundi.hezkuntza.net/es/contacto.html]
[plaiaundi.hezkuntza.net/html/portlet/login/images/loginXlNets.gif]
[plaiaundi.hezkuntza.net/w24t000IntranetCentrosWAR-theme/images/spacer.png]
[plaiaundi.hezkuntza.net/w24t000IntranetCentrosWAR-theme/sprite/images/common/_sprite.png]
[plaiaundi.hezkuntza.net/es/portada25c9.html]
[plaiaundi.hezkuntza.net/es/historia.html]
[plaiaundi.eus/EquipoDirectivo2.jpg]
[plaiaundi.eus/EquipoDirectivo.jpg]
[plaiaundi.eus/IESPlaiaundi.jpg]
[plaiaundi.hezkuntza.net/es/saludo.html]
[plaiaundi.hezkuntza.net/es/objetivos.html]
[plaiaundi.hezkuntza.net/es/identidad.html]
[plaiaundi.hezkuntza.net/es/politica-calidad.html]
[plaiaundi.hezkuntza.net/es/albumes.html]
[plaiaundi.hezkuntza.net/es/oferta-formativa.html]
[plaiaundi.eus/Imagenes/LanbidePlaiaundi.jpg]
[plaiaundi.eus/Imagenes/iconoajax.gif]
[ajax.googleapis.com/ajax/libs/jquery/3.2.1/jquery.min.js]
[plaiaundi.hezkuntza.net/es/hobetuzlanbide.html]
[plaiaundi.hezkuntza.net/es/acreditacion-competencias.html]
[plaiaundi.hezkuntza.net/es/prueba-de-acceso-a-ciclos.html]
[plaiaundi.hezkuntza.net/es/pruebas-libres-fp.html]
[plaiaundi.hezkuntza.net/es/requisitos-acceso-fp.html]
[plaiaundi.hezkuntza.net/es/matricula-fp-2022-23.html]
[plaiaundi.hezkuntza.net/es/listado_noticias.html]
[plaiaundi.hezkuntza.net/es/accidente_escolar.html]
[plaiaundi.hezkuntza.net/es/logse-loe.html]
[plaiaundi.hezkuntza.net/es/tramites.html]
[plaiaundi.hezkuntza.net/es/aplicacion-de-notas-y-faltas.html]
[plaiaundi.hezkuntza.net/es/ex-fp.html]
[plaiaundi.hezkuntza.net/es/ebau.html]
[plaiaundi.hezkuntza.net/es/docalumnos.html]
[plaiaundi.hezkuntza.net/es/calendarios-horarios-y-guias.html]
[plaiaundi.eus/Departamentos/Trip.jpg]
[plaiaundi.eus/Departamentos/Link.jpg]
[plaiaundi.eus/Departamentos/Admin/AdminGest.jpg]
[platform.twitter.com/widgets.js]
[plaiaundi.hezkuntza.net/es/admingest.html]
[plaiaundi.eus/Departamentos/Trans.jpg]
[plaiaundi.eus/Departamentos/Comercio.jpg]
[plaiaundi.hezkuntza.net/es/transporte.html]
[plaiaundi.eus/Departamentos/Infor/ImInfor.jpg]
[plaiaundi.hezkuntza.net/es/informatica.html]
[plaiaundi.hezkuntza.net/es/sanitario.html]
[plaiaundi.eus/Departamentos/Sercom/IS.jpg]
[plaiaundi.hezkuntza.net/es/sercom.html]
[plaiaundi.eus/Departamentos/Fol/PortadaFol.jpg]
[plaiaundi.hezkuntza.net/es/fol.html]
[plaiaundi.eus/Departamentos/Idiomas/PortadaIdiomas.jpg]
[plaiaundi.eus/Imagenes/LinkEnglish.jpg]
[plaiaundi.hezkuntza.net/es/idiomas.html]
[plaiaundi.eus/Imagenes/Proyectos/Rutinasw.png]
[plaiaundi.eus/Imagenes/Proyectos/Ethaziw.png]
[plaiaundi.eus/Imagenes/Proyectos/Erasmusw.png]
[plaiaundi.eus/Imagenes/Proyectos/poctefaw.png]
[plaiaundi.eus/Imagenes/Proyectos/dualw.png]
[plaiaundi.eus/Imagenes/Proyectos/Urratsbatw.png]
[plaiaundi.hezkuntza.net/html/portlet/dynamic_data_lists/js/main30a0.js]
[plaiaundi.hezkuntza.net/html/portlet/dynamic_data_mapping/js/main30a0.js]
[plaiaundi.hezkuntza.net/html/portlet/document_library/js/main30a0.js]
[plaiaundi.hezkuntza.net/html/portlet/document_library/js/upload30a0.js]
[plaiaundi.hezkuntza.net/es/proyectos.html]
[plaiaundi.eus/_visita_virtual_ethazi/Visita.jpg]
[plaiaundi.hezkuntza.net/es/ethazi.html]
[code.jquery.com/jquery-1.10.2.js]
[code.jquery.com/ui/1.11.4/jquery-ui.js]
[plaiaundi.hezkuntza.net/es/erasmus.html]
[plaiaundi.hezkuntza.net/es/servicio-de-mediacion.html]
[plaiaundi.eus/Departamentos/Orientacion/orientacion.jpg]
[plaiaundi.hezkuntza.net/es/orientacion.html]
[plaiaundi.hezkuntza.net/es/empleo.html]
[plaiaundi.hezkuntza.net/es/hobetuzlanbide/index.html]
[plaiaundi.hezkuntza.net/es/Trident/index.html]
[plaiaundi.hezkuntza.net/es/Edge/index.html]
[plaiaundi.eus/Carrusel/css/lightslider.css]
[plaiaundi.hezkuntza.net/es/Empleo-2.html]
[plaiaundi.hezkuntza.net/es/sindicacion.html]
[plaiaundi.hezkuntza.net/es/informacion-legal.html]
[plaiaundi.hezkuntza.net/es/infolegalemail.html]
[plaiaundi.hezkuntza.net/es/portadacf92.html]
[plaiaundi.hezkuntza.net/w24t000IntranetCentrosWAR-theme/css/aui/alloy-font-awesome/font/fontawesome-alloy.svg]
[plaiaundi.hezkuntza.net/w24t000IntranetCentrosWAR-theme/images/common/banner_bg.html]
[plaiaundi.hezkuntza.net/w24t000IntranetCentrosWAR-theme/images/common/body_bg.html]
[plaiaundi.hezkuntza.net/w24t000IntranetCentrosWAR-theme/images/arrows/arrow-up.html]
[plaiaundi.hezkuntza.net/w24t000IntranetCentrosWAR-theme/images/arrows/arrow-down.html]
[plaiaundi.hezkuntza.net/w24t000IntranetCentrosWAR-theme/images/common/diagonal-lines.html]
[plaiaundi.hezkuntza.net/w24t000IntranetCentrosWAR-theme/images/shadow/shade-tl.html]
[plaiaundi.hezkuntza.net/w24t000IntranetCentrosWAR-theme/images/shadow/shade-tc.html]
[plaiaundi.hezkuntza.net/w24t000IntranetCentrosWAR-theme/images/shadow/shade-tr.html]
[plaiaundi.hezkuntza.net/w24t000IntranetCentrosWAR-theme/images/shadow/shade-ml.html]
[plaiaundi.hezkuntza.net/w24t000IntranetCentrosWAR-theme/images/shadow/shade-mr.html]
[plaiaundi.hezkuntza.net/w24t000IntranetCentrosWAR-theme/images/shadow/shade-bl.html]
[plaiaundi.hezkuntza.net/w24t000IntranetCentrosWAR-theme/images/shadow/shade-bc.html]
[plaiaundi.hezkuntza.net/w24t000IntranetCentrosWAR-theme/images/shadow/shade-br.html]
[plaiaundi.hezkuntza.net/w24t000IntranetCentrosWAR-theme/images/intranet_centros/azul/boton_combo_verde.html]
[plaiaundi.hezkuntza.net/w24t000IntranetCentrosWAR-theme/images/color_schemes/azul/Aurrekoa_verde.html]
[plaiaundi.hezkuntza.net/w24t000IntranetCentrosWAR-theme/images/color_schemes/azul/Hurrengoa_verde.html]
[plaiaundi.hezkuntza.net/w24t000IntranetCentrosWAR-theme/images/intranet_centros/turquesa/boton_combo_verde.html]
[plaiaundi.hezkuntza.net/es/contacto25c9.html]
[plaiaundi.hezkuntza.net/es/contactocf92.html]
[plaiaundi.hezkuntza.net/w24t000IntranetCentrosWAR-theme/images/login/facebook_login_button.png]
[plaiaundi.hezkuntza.net/html/portlet/login/css/main151f.css]
[plaiaundi.hezkuntza.net/es/portadaa662.png]
[plaiaundi.hezkuntza.net/w24t000IntranetCentrosWAR-theme/sprite/images/portlet/_sprite.png]
[plaiaundi.hezkuntza.net/es/portadaef40.html]
[plaiaundi.hezkuntza.net/es/historia25c9.html]
[plaiaundi.hezkuntza.net/es/historiacf92.html]
[plaiaundi.hezkuntza.net/es/saludo25c9.html]
[plaiaundi.hezkuntza.net/es/saludocf92.html]
[plaiaundi.hezkuntza.net/es/objetivos25c9.html]
[plaiaundi.hezkuntza.net/es/objetivoscf92.html]
[plaiaundi.hezkuntza.net/es/identidad25c9.html]
[plaiaundi.hezkuntza.net/es/identidadcf92.html]
[plaiaundi.hezkuntza.net/es/politica-calidad25c9.html]
[plaiaundi.hezkuntza.net/es/politica-calidadcf92.html]
[plaiaundi.hezkuntza.net/es/albumes25c9.html]
[plaiaundi.hezkuntza.net/es/albumescf92.html]
[plaiaundi.hezkuntza.net/es/oferta-formativa25c9.html]
[plaiaundi.hezkuntza.net/es/oferta-formativacf92.html]
[plaiaundi.hezkuntza.net/es/hobetuzlanbide25c9.html]
[plaiaundi.hezkuntza.net/es/hobetuzlanbidecf92.html]
[plaiaundi.hezkuntza.net/es/acreditacion-competencias25c9.html]
[plaiaundi.hezkuntza.net/es/acreditacion-competenciascf92.html]
[plaiaundi.hezkuntza.net/es/prueba-de-acceso-a-ciclos25c9.html]
[plaiaundi.hezkuntza.net/es/prueba-de-acceso-a-cicloscf92.html]
[plaiaundi.hezkuntza.net/es/pruebas-libres-fp25c9.html]
[plaiaundi.hezkuntza.net/es/pruebas-libres-fpcf92.html]
[plaiaundi.hezkuntza.net/es/requisitos-acceso-fp25c9.html]
[plaiaundi.hezkuntza.net/es/requisitos-acceso-fpcf92.html]
[plaiaundi.hezkuntza.net/es/matricula-fp-2022-2325c9.html]
[plaiaundi.hezkuntza.net/es/matricula-fp-2022-23cf92.html]
[plaiaundi.hezkuntza.net/es/listado_noticias25c9.html]
[plaiaundi.hezkuntza.net/es/listado_noticias4a85.html]
[plaiaundi.hezkuntza.net/es/listado_noticias882a.html]
[plaiaundi.hezkuntza.net/es/listado_noticias196c.html]
[plaiaundi.hezkuntza.net/es/listado_noticias57f3.html]
[plaiaundi.hezkuntza.net/es/listado_noticiascf92.html]
[plaiaundi.hezkuntza.net/es/accidente_escolar25c9.html]
[plaiaundi.hezkuntza.net/es/accidente_escolarcf92.html]
[plaiaundi.hezkuntza.net/es/logse-loe25c9.html]
[plaiaundi.hezkuntza.net/es/logse-loecf92.html]
[plaiaundi.hezkuntza.net/es/tramites25c9.html]
[plaiaundi.hezkuntza.net/es/solicitud-de-titulos.html]
[www.euskadi.eus/AVComun/images/r01new-window.png]
[plaiaundi.hezkuntza.net/es/_noticia_al_detalle2306.html]
[plaiaundi.hezkuntza.net/es/tramitescf92.html]
[plaiaundi.hezkuntza.net/es/aplicacion-de-notas-y-faltas25c9.html]
[plaiaundi.hezkuntza.net/es/aplicacion-de-notas-y-faltascf92.html]
[plaiaundi.hezkuntza.net/es/ex-fp25c9.html]
[plaiaundi.hezkuntza.net/es/fp-libres.html]
[plaiaundi.hezkuntza.net/es/ex-fpcf92.html]
[plaiaundi.hezkuntza.net/es/ebau25c9.html]
[plaiaundi.hezkuntza.net/es/ebaucf92.html]
[plaiaundi.hezkuntza.net/es/docalumnos25c9.html]
[plaiaundi.hezkuntza.net/es/docalumnoscf92.html]
[plaiaundi.hezkuntza.net/es/calendarios-horarios-y-guias25c9.html]
[plaiaundi.hezkuntza.net/es/calendarios-horarios-y-guiascf92.html]
[plaiaundi.hezkuntza.net/es/admingest25c9.html]
[plaiaundi.hezkuntza.net/es/admingestcf92.html]
[plaiaundi.hezkuntza.net/es/transporte25c9.html]
[plaiaundi.hezkuntza.net/es/transportecf92.html]
[plaiaundi.hezkuntza.net/es/informatica25c9.html]
[plaiaundi.hezkuntza.net/es/informaticacf92.html]
[plaiaundi.hezkuntza.net/es/sanitario25c9.html]
[plaiaundi.hezkuntza.net/es/sanitariocf92.html]
[plaiaundi.hezkuntza.net/es/sercom25c9.html]
[plaiaundi.hezkuntza.net/es/sercomcf92.html]
[plaiaundi.hezkuntza.net/es/fol25c9.html]
[plaiaundi.hezkuntza.net/es/folcf92.html]
[plaiaundi.hezkuntza.net/es/idiomas25c9.html]
[plaiaundi.hezkuntza.net/es/idiomascf92.html]
[plaiaundi.hezkuntza.net/w24t000IntranetCentrosWAR-theme/images/common/edit.png]
[plaiaundi.hezkuntza.net/w24t000IntranetCentrosWAR-theme/images/common/submit.png]
[plaiaundi.hezkuntza.net/w24t000IntranetCentrosWAR-theme/images/document_library/msoffice.png]
[plaiaundi.hezkuntza.net/w24t000IntranetCentrosWAR-theme/images/common/trash.png]
[plaiaundi.hezkuntza.net/w24t000IntranetCentrosWAR-theme/images/common/undo.png]
[plaiaundi.hezkuntza.net/w24t000IntranetCentrosWAR-theme/images/common/unlock.png]
[plaiaundi.hezkuntza.net/w24t000IntranetCentrosWAR-theme/images/portlet/edit_defaults.png]
[plaiaundi.hezkuntza.net/html/portlet/document_library/css/main151f.css]
[plaiaundi.hezkuntza.net/html/portlet/dynamic_data_mapping/css/main151f.css]
[plaiaundi.hezkuntza.net/es/proyectos25c9.html]
[plaiaundi.hezkuntza.net/es/proyectoscf92.html]
[plaiaundi.hezkuntza.net/es/ethazi25c9.html]
[plaiaundi.hezkuntza.net/es/ethazicf92.html]
[plaiaundi.hezkuntza.net/es/erasmus25c9.html]
[plaiaundi.hezkuntza.net/es/erasmuscf92.html]
[plaiaundi.hezkuntza.net/es/servicio-de-mediacion25c9.html]
[plaiaundi.hezkuntza.net/es/servicio-de-mediacioncf92.html]
[plaiaundi.hezkuntza.net/es/orientacion25c9.html]
[plaiaundi.hezkuntza.net/es/orientacioncf92.html]
[plaiaundi.hezkuntza.net/html/portlet/iframe/css/main151f.css]
[plaiaundi.hezkuntza.net/es/empleo25c9.html]
[plaiaundi.hezkuntza.net/es/empleocf92.html]
[plaiaundi.eus/Carrusel/img/controls.html]
[plaiaundi.hezkuntza.net/es/sindicacion25c9.html]
[plaiaundi.hezkuntza.net/es/sindicacioncf92.html]
[plaiaundi.hezkuntza.net/es/informacion-legal25c9.html]
[plaiaundi.hezkuntza.net/es/informacion-legalcf92.html]
[plaiaundi.hezkuntza.net/es/infolegalemail25c9.html]
[plaiaundi.hezkuntza.net/es/infolegalemailcf92.html]
[plaiaundi.hezkuntza.net/es/contactoa662.png]
[plaiaundi.hezkuntza.net/es/contactoef40.html]
[plaiaundi.hezkuntza.net/es/portadaccc3.html]
[plaiaundi.hezkuntza.net/es/historiaa662.png]
[plaiaundi.hezkuntza.net/es/historiaef40.html]
[plaiaundi.hezkuntza.net/es/saludoa662.png]
[plaiaundi.hezkuntza.net/es/saludoef40.html]
[plaiaundi.hezkuntza.net/es/objetivosa662.png]
[plaiaundi.hezkuntza.net/es/objetivosef40.html]
[plaiaundi.hezkuntza.net/es/identidada662.png]
[plaiaundi.hezkuntza.net/es/identidadef40.html]
[plaiaundi.hezkuntza.net/es/politica-calidada662.png]
[plaiaundi.hezkuntza.net/es/politica-calidadef40.html]
[plaiaundi.hezkuntza.net/es/albumesa662.png]
[plaiaundi.hezkuntza.net/es/albumesef40.html]
[plaiaundi.hezkuntza.net/es/oferta-formativaa662.png]
[plaiaundi.hezkuntza.net/es/oferta-formativaef40.html]
[plaiaundi.hezkuntza.net/es/hobetuzlanbidea662.png]
[plaiaundi.hezkuntza.net/es/hobetuzlanbideef40.html]
[plaiaundi.hezkuntza.net/es/acreditacion-competenciasa662.png]
[plaiaundi.hezkuntza.net/es/acreditacion-competenciasef40.html]
[plaiaundi.hezkuntza.net/es/prueba-de-acceso-a-ciclosa662.png]
[plaiaundi.hezkuntza.net/es/prueba-de-acceso-a-ciclosef40.html]
[plaiaundi.hezkuntza.net/es/pruebas-libres-fpa662.png]
[plaiaundi.hezkuntza.net/es/pruebas-libres-fpef40.html]
[plaiaundi.hezkuntza.net/es/requisitos-acceso-fpa662.png]
[plaiaundi.hezkuntza.net/es/requisitos-acceso-fpef40.html]
[plaiaundi.hezkuntza.net/es/matricula-fp-2022-23a662.png]
[plaiaundi.hezkuntza.net/es/matricula-fp-2022-23ef40.html]
[plaiaundi.hezkuntza.net/es/listado_noticiasa662.png]
[plaiaundi.hezkuntza.net/es/listado_noticiasef40.html]
[plaiaundi.hezkuntza.net/es/listado_noticias07e2.html]
[plaiaundi.hezkuntza.net/es/listado_noticias4da2.html]
[plaiaundi.hezkuntza.net/es/listado_noticiaseb6b.html]
[plaiaundi.hezkuntza.net/es/listado_noticias0df0.html]
[plaiaundi.hezkuntza.net/es/listado_noticias898f.html]
[plaiaundi.hezkuntza.net/es/listado_noticias15d0.html]
[plaiaundi.hezkuntza.net/es/accidente_escolara662.png]
[plaiaundi.hezkuntza.net/es/accidente_escolaref40.html]
[plaiaundi.hezkuntza.net/es/logse-loea662.png]
[plaiaundi.hezkuntza.net/es/logse-loeef40.html]
[plaiaundi.hezkuntza.net/es/tramitesa662.png]
[plaiaundi.hezkuntza.net/es/tramitesef40.html]
[plaiaundi.hezkuntza.net/es/solicitud-de-titulos25c9.html]
[plaiaundi.hezkuntza.net/es/solicitud-de-tituloscf92.html]
[plaiaundi.hezkuntza.net/es/_noticia_al_detalle25c9.html]
[plaiaundi.hezkuntza.net/es/_noticia_al_detallecf92.html]
[plaiaundi.hezkuntza.net/es/aplicacion-de-notas-y-faltasa662.png]
[plaiaundi.hezkuntza.net/es/aplicacion-de-notas-y-faltasef40.html]
[plaiaundi.hezkuntza.net/es/ex-fpa662.png]
[plaiaundi.hezkuntza.net/es/ex-fpef40.html]
[plaiaundi.hezkuntza.net/es/fp-libres25c9.html]
[plaiaundi.hezkuntza.net/es/fp-librescf92.html]
[plaiaundi.hezkuntza.net/es/ebaua662.png]
[plaiaundi.hezkuntza.net/es/ebauef40.html]
[plaiaundi.hezkuntza.net/es/docalumnosa662.png]
[plaiaundi.hezkuntza.net/es/docalumnosef40.html]
[plaiaundi.hezkuntza.net/es/calendarios-horarios-y-guiasa662.png]
[plaiaundi.hezkuntza.net/es/calendarios-horarios-y-guiasef40.html]
[plaiaundi.hezkuntza.net/es/admingesta662.png]
[plaiaundi.hezkuntza.net/es/admingestef40.html]
[plaiaundi.hezkuntza.net/es/transportea662.png]
[plaiaundi.hezkuntza.net/es/transporteef40.html]
[plaiaundi.hezkuntza.net/es/informaticaa662.png]
[plaiaundi.hezkuntza.net/es/informaticaef40.html]
[plaiaundi.hezkuntza.net/es/sanitarioa662.png]
[plaiaundi.hezkuntza.net/es/sanitarioef40.html]
[plaiaundi.hezkuntza.net/es/sercoma662.png]
[plaiaundi.hezkuntza.net/es/sercomef40.html]
[plaiaundi.hezkuntza.net/es/fola662.png]
[plaiaundi.hezkuntza.net/es/folef40.html]
[plaiaundi.hezkuntza.net/es/idiomasa662.png]
[plaiaundi.hezkuntza.net/es/idiomasef40.html]
[plaiaundi.hezkuntza.net/es/proyectosa662.png]
[plaiaundi.hezkuntza.net/es/proyectosef40.html]
[plaiaundi.hezkuntza.net/es/ethazia662.png]
[plaiaundi.hezkuntza.net/es/ethazief40.html]
[plaiaundi.hezkuntza.net/es/erasmusa662.png]
[plaiaundi.hezkuntza.net/es/erasmusef40.html]
[plaiaundi.hezkuntza.net/es/servicio-de-mediaciona662.png]
[plaiaundi.hezkuntza.net/es/servicio-de-mediacionef40.html]
[plaiaundi.hezkuntza.net/es/orientaciona662.png]
[plaiaundi.hezkuntza.net/es/orientacionef40.html]
[plaiaundi.hezkuntza.net/es/empleoa662.png]
[plaiaundi.hezkuntza.net/es/empleoef40.html]
[plaiaundi.hezkuntza.net/es/sindicaciona662.png]
[plaiaundi.hezkuntza.net/es/sindicacionef40.html]
[plaiaundi.hezkuntza.net/es/informacion-legala662.png]
[plaiaundi.hezkuntza.net/es/informacion-legalef40.html]
[plaiaundi.hezkuntza.net/es/infolegalemaila662.png]
[plaiaundi.hezkuntza.net/es/infolegalemailef40.html]
[plaiaundi.hezkuntza.net/es/contactoccc3.html]
[plaiaundi.hezkuntza.net/es/historiaccc3.html]
[plaiaundi.hezkuntza.net/es/saludoccc3.html]
[plaiaundi.hezkuntza.net/es/objetivosccc3.html]
[plaiaundi.hezkuntza.net/es/identidadccc3.html]
[plaiaundi.hezkuntza.net/es/politica-calidadccc3.html]
[plaiaundi.hezkuntza.net/es/albumesccc3.html]
[plaiaundi.hezkuntza.net/es/oferta-formativaccc3.html]
[plaiaundi.hezkuntza.net/es/hobetuzlanbideccc3.html]
[plaiaundi.hezkuntza.net/es/acreditacion-competenciasccc3.html]
[plaiaundi.hezkuntza.net/es/prueba-de-acceso-a-ciclosccc3.html]
[plaiaundi.hezkuntza.net/es/pruebas-libres-fpccc3.html]
[plaiaundi.hezkuntza.net/es/requisitos-acceso-fpccc3.html]
[plaiaundi.hezkuntza.net/es/matricula-fp-2022-23ccc3.html]
[plaiaundi.hezkuntza.net/es/listado_noticiasccc3.html]
[plaiaundi.hezkuntza.net/es/accidente_escolarccc3.html]
[plaiaundi.hezkuntza.net/es/logse-loeccc3.html]
[plaiaundi.hezkuntza.net/es/tramitesccc3.html]
[plaiaundi.hezkuntza.net/es/solicitud-de-titulosa662.png]
[plaiaundi.hezkuntza.net/es/solicitud-de-titulosef40.html]
[plaiaundi.hezkuntza.net/es/_noticia_al_detallea662.png]
[plaiaundi.hezkuntza.net/es/_noticia_al_detalleef40.html]
[plaiaundi.hezkuntza.net/es/aplicacion-de-notas-y-faltasccc3.html]
[plaiaundi.hezkuntza.net/es/ex-fpccc3.html]
[plaiaundi.hezkuntza.net/es/fp-libresa662.png]
[plaiaundi.hezkuntza.net/es/fp-libresef40.html]
[plaiaundi.hezkuntza.net/es/ebauccc3.html]
[plaiaundi.hezkuntza.net/es/docalumnosccc3.html]
[plaiaundi.hezkuntza.net/es/calendarios-horarios-y-guiasccc3.html]
[plaiaundi.hezkuntza.net/es/admingestccc3.html]
[plaiaundi.hezkuntza.net/es/transporteccc3.html]
[plaiaundi.hezkuntza.net/es/informaticaccc3.html]
[plaiaundi.hezkuntza.net/es/sanitarioccc3.html]
[plaiaundi.hezkuntza.net/es/sercomccc3.html]
[plaiaundi.hezkuntza.net/es/folccc3.html]
[plaiaundi.hezkuntza.net/es/idiomasccc3.html]
[plaiaundi.hezkuntza.net/es/proyectosccc3.html]
[plaiaundi.hezkuntza.net/es/ethaziccc3.html]
[plaiaundi.hezkuntza.net/es/erasmusccc3.html]
[plaiaundi.hezkuntza.net/es/servicio-de-mediacionccc3.html]
[plaiaundi.hezkuntza.net/es/orientacionccc3.html]
[plaiaundi.hezkuntza.net/es/empleoccc3.html]
[plaiaundi.hezkuntza.net/es/sindicacionccc3.html]
[plaiaundi.hezkuntza.net/es/informacion-legalccc3.html]
[plaiaundi.hezkuntza.net/es/infolegalemailccc3.html]
[plaiaundi.hezkuntza.net/es/solicitud-de-titulosccc3.html]
[plaiaundi.hezkuntza.net/es/_noticia_al_detalleccc3.html]
[plaiaundi.hezkuntza.net/es/fp-libresccc3.html]
